Archive member included to satisfy reference by file (symbol)

c:/st/stm32cubeide_1.8.0/stm32cubeide/plugins/com.st.stm32cube.ide.mcu.externaltools.gnu-tools-for-stm32.10.3-2021.10.win32_1.0.0.202111181127/tools/bin/../lib/gcc/arm-none-eabi/10.3.1/../../../../arm-none-eabi/lib/thumb/v7e-m+fp/hard\libc_nano.a(lib_a-errno.o)
                              ./Core/Src/syscalls.o (__errno)
c:/st/stm32cubeide_1.8.0/stm32cubeide/plugins/com.st.stm32cube.ide.mcu.externaltools.gnu-tools-for-stm32.10.3-2021.10.win32_1.0.0.202111181127/tools/bin/../lib/gcc/arm-none-eabi/10.3.1/../../../../arm-none-eabi/lib/thumb/v7e-m+fp/hard\libc_nano.a(lib_a-exit.o)
                              c:/st/stm32cubeide_1.8.0/stm32cubeide/plugins/com.st.stm32cube.ide.mcu.externaltools.gnu-tools-for-stm32.10.3-2021.10.win32_1.0.0.202111181127/tools/bin/../lib/gcc/arm-none-eabi/10.3.1/../../../../arm-none-eabi/lib/thumb/v7e-m+fp/hard/crt0.o (exit)
c:/st/stm32cubeide_1.8.0/stm32cubeide/plugins/com.st.stm32cube.ide.mcu.externaltools.gnu-tools-for-stm32.10.3-2021.10.win32_1.0.0.202111181127/tools/bin/../lib/gcc/arm-none-eabi/10.3.1/../../../../arm-none-eabi/lib/thumb/v7e-m+fp/hard\libc_nano.a(lib_a-impure.o)
                              c:/st/stm32cubeide_1.8.0/stm32cubeide/plugins/com.st.stm32cube.ide.mcu.externaltools.gnu-tools-for-stm32.10.3-2021.10.win32_1.0.0.202111181127/tools/bin/../lib/gcc/arm-none-eabi/10.3.1/../../../../arm-none-eabi/lib/thumb/v7e-m+fp/hard\libc_nano.a(lib_a-exit.o) (_global_impure_ptr)
c:/st/stm32cubeide_1.8.0/stm32cubeide/plugins/com.st.stm32cube.ide.mcu.externaltools.gnu-tools-for-stm32.10.3-2021.10.win32_1.0.0.202111181127/tools/bin/../lib/gcc/arm-none-eabi/10.3.1/../../../../arm-none-eabi/lib/thumb/v7e-m+fp/hard\libc_nano.a(lib_a-init.o)
                              c:/st/stm32cubeide_1.8.0/stm32cubeide/plugins/com.st.stm32cube.ide.mcu.externaltools.gnu-tools-for-stm32.10.3-2021.10.win32_1.0.0.202111181127/tools/bin/../lib/gcc/arm-none-eabi/10.3.1/../../../../arm-none-eabi/lib/thumb/v7e-m+fp/hard/crt0.o (__libc_init_array)
c:/st/stm32cubeide_1.8.0/stm32cubeide/plugins/com.st.stm32cube.ide.mcu.externaltools.gnu-tools-for-stm32.10.3-2021.10.win32_1.0.0.202111181127/tools/bin/../lib/gcc/arm-none-eabi/10.3.1/../../../../arm-none-eabi/lib/thumb/v7e-m+fp/hard\libc_nano.a(lib_a-memset.o)
                              c:/st/stm32cubeide_1.8.0/stm32cubeide/plugins/com.st.stm32cube.ide.mcu.externaltools.gnu-tools-for-stm32.10.3-2021.10.win32_1.0.0.202111181127/tools/bin/../lib/gcc/arm-none-eabi/10.3.1/../../../../arm-none-eabi/lib/thumb/v7e-m+fp/hard/crt0.o (memset)

Discarded input sections

 .text          0x0000000000000000        0x0 c:/st/stm32cubeide_1.8.0/stm32cubeide/plugins/com.st.stm32cube.ide.mcu.externaltools.gnu-tools-for-stm32.10.3-2021.10.win32_1.0.0.202111181127/tools/bin/../lib/gcc/arm-none-eabi/10.3.1/thumb/v7e-m+fp/hard/crti.o
 .data          0x0000000000000000        0x0 c:/st/stm32cubeide_1.8.0/stm32cubeide/plugins/com.st.stm32cube.ide.mcu.externaltools.gnu-tools-for-stm32.10.3-2021.10.win32_1.0.0.202111181127/tools/bin/../lib/gcc/arm-none-eabi/10.3.1/thumb/v7e-m+fp/hard/crti.o
 .bss           0x0000000000000000        0x0 c:/st/stm32cubeide_1.8.0/stm32cubeide/plugins/com.st.stm32cube.ide.mcu.externaltools.gnu-tools-for-stm32.10.3-2021.10.win32_1.0.0.202111181127/tools/bin/../lib/gcc/arm-none-eabi/10.3.1/thumb/v7e-m+fp/hard/crti.o
 .data          0x0000000000000000        0x4 c:/st/stm32cubeide_1.8.0/stm32cubeide/plugins/com.st.stm32cube.ide.mcu.externaltools.gnu-tools-for-stm32.10.3-2021.10.win32_1.0.0.202111181127/tools/bin/../lib/gcc/arm-none-eabi/10.3.1/thumb/v7e-m+fp/hard/crtbegin.o
 .rodata        0x0000000000000000       0x24 c:/st/stm32cubeide_1.8.0/stm32cubeide/plugins/com.st.stm32cube.ide.mcu.externaltools.gnu-tools-for-stm32.10.3-2021.10.win32_1.0.0.202111181127/tools/bin/../lib/gcc/arm-none-eabi/10.3.1/thumb/v7e-m+fp/hard/crtbegin.o
 .text          0x0000000000000000       0x7c c:/st/stm32cubeide_1.8.0/stm32cubeide/plugins/com.st.stm32cube.ide.mcu.externaltools.gnu-tools-for-stm32.10.3-2021.10.win32_1.0.0.202111181127/tools/bin/../lib/gcc/arm-none-eabi/10.3.1/../../../../arm-none-eabi/lib/thumb/v7e-m+fp/hard/crt0.o
 .data          0x0000000000000000        0x0 c:/st/stm32cubeide_1.8.0/stm32cubeide/plugins/com.st.stm32cube.ide.mcu.externaltools.gnu-tools-for-stm32.10.3-2021.10.win32_1.0.0.202111181127/tools/bin/../lib/gcc/arm-none-eabi/10.3.1/../../../../arm-none-eabi/lib/thumb/v7e-m+fp/hard/crt0.o
 .bss           0x0000000000000000        0x0 c:/st/stm32cubeide_1.8.0/stm32cubeide/plugins/com.st.stm32cube.ide.mcu.externaltools.gnu-tools-for-stm32.10.3-2021.10.win32_1.0.0.202111181127/tools/bin/../lib/gcc/arm-none-eabi/10.3.1/../../../../arm-none-eabi/lib/thumb/v7e-m+fp/hard/crt0.o
[...]
Memory Configuration

Name             Origin             Length             Attributes
RAM              0x0000000020000000 0x0000000000018000 xrw
RAM2             0x0000000010000000 0x0000000000008000 xrw
FLASH            0x0000000008000000 0x0000000000100000 xr
*default*        0x0000000000000000 0xffffffffffffffff

Linker script and memory map

LOAD c:/st/stm32cubeide_1.8.0/stm32cubeide/plugins/com.st.stm32cube.ide.mcu.externaltools.gnu-tools-for-stm32.10.3-2021.10.win32_1.0.0.202111181127/tools/bin/../lib/gcc/arm-none-eabi/10.3.1/thumb/v7e-m+fp/hard/crti.o
LOAD c:/st/stm32cubeide_1.8.0/stm32cubeide/plugins/com.st.stm32cube.ide.mcu.externaltools.gnu-tools-for-stm32.10.3-2021.10.win32_1.0.0.202111181127/tools/bin/../lib/gcc/arm-none-eabi/10.3.1/thumb/v7e-m+fp/hard/crtbegin.o
LOAD c:/st/stm32cubeide_1.8.0/stm32cubeide/plugins/com.st.stm32cube.ide.mcu.externaltools.gnu-tools-for-stm32.10.3-2021.10.win32_1.0.0.202111181127/tools/bin/../lib/gcc/arm-none-eabi/10.3.1/../../../../arm-none-eabi/lib/thumb/v7e-m+fp/hard/crt0.o
LOAD ./Core/Src/gpio.o
LOAD ./Core/Src/main.o
LOAD ./Core/Src/spi.o
LOAD ./Core/Src/stm32l4xx_it.o
LOAD ./Core/Src/syscalls.o
LOAD ./Core/Src/sysmem.o
LOAD ./Core/Src/system_stm32l4xx.o
LOAD ./Core/Startup/startup_stm32l471vgtx.o
LOAD ./Drivers/STM32L4xx_HAL_Driver/Src/stm32l4xx_ll_dma.o
LOAD ./Drivers/STM32L4xx_HAL_Driver/Src/stm32l4xx_ll_exti.o
LOAD ./Drivers/STM32L4xx_HAL_Driver/Src/stm32l4xx_ll_gpio.o
LOAD ./Drivers/STM32L4xx_HAL_Driver/Src/stm32l4xx_ll_pwr.o
LOAD ./Drivers/STM32L4xx_HAL_Driver/Src/stm32l4xx_ll_spi.o
LOAD ./Drivers/STM32L4xx_HAL_Driver/Src/stm32l4xx_ll_utils.o
START GROUP
LOAD c:/st/stm32cubeide_1.8.0/stm32cubeide/plugins/com.st.stm32cube.ide.mcu.externaltools.gnu-tools-for-stm32.10.3-2021.10.win32_1.0.0.202111181127/tools/bin/../lib/gcc/arm-none-eabi/10.3.1/../../../../arm-none-eabi/lib/thumb/v7e-m+fp/hard\libc_nano.a
LOAD c:/st/stm32cubeide_1.8.0/stm32cubeide/plugins/com.st.stm32cube.ide.mcu.externaltools.gnu-tools-for-stm32.10.3-2021.10.win32_1.0.0.202111181127/tools/bin/../lib/gcc/arm-none-eabi/10.3.1/../../../../arm-none-eabi/lib/thumb/v7e-m+fp/hard\libm.a
END GROUP
START GROUP
LOAD c:/st/stm32cubeide_1.8.0/stm32cubeide/plugins/com.st.stm32cube.ide.mcu.externaltools.gnu-tools-for-stm32.10.3-2021.10.win32_1.0.0.202111181127/tools/bin/../lib/gcc/arm-none-eabi/10.3.1/thumb/v7e-m+fp/hard\libgcc.a
LOAD c:/st/stm32cubeide_1.8.0/stm32cubeide/plugins/com.st.stm32cube.ide.mcu.externaltools.gnu-tools-for-stm32.10.3-2021.10.win32_1.0.0.202111181127/tools/bin/../lib/gcc/arm-none-eabi/10.3.1/../../../../arm-none-eabi/lib/thumb/v7e-m+fp/hard\libc_nano.a
END GROUP
START GROUP
LOAD c:/st/stm32cubeide_1.8.0/stm32cubeide/plugins/com.st.stm32cube.ide.mcu.externaltools.gnu-tools-for-stm32.10.3-2021.10.win32_1.0.0.202111181127/tools/bin/../lib/gcc/arm-none-eabi/10.3.1/thumb/v7e-m+fp/hard\libgcc.a
LOAD c:/st/stm32cubeide_1.8.0/stm32cubeide/plugins/com.st.stm32cube.ide.mcu.externaltools.gnu-tools-for-stm32.10.3-2021.10.win32_1.0.0.202111181127/tools/bin/../lib/gcc/arm-none-eabi/10.3.1/../../../../arm-none-eabi/lib/thumb/v7e-m+fp/hard\libc_nano.a
LOAD c:/st/stm32cubeide_1.8.0/stm32cubeide/plugins/com.st.stm32cube.ide.mcu.externaltools.gnu-tools-for-stm32.10.3-2021.10.win32_1.0.0.202111181127/tools/bin/../lib/gcc/arm-none-eabi/10.3.1/../../../../arm-none-eabi/lib/thumb/v7e-m+fp/hard\libnosys.a
END GROUP
START GROUP
LOAD c:/st/stm32cubeide_1.8.0/stm32cubeide/plugins/com.st.stm32cube.ide.mcu.externaltools.gnu-tools-for-stm32.10.3-2021.10.win32_1.0.0.202111181127/tools/bin/../lib/gcc/arm-none-eabi/10.3.1/thumb/v7e-m+fp/hard\libgcc.a
LOAD c:/st/stm32cubeide_1.8.0/stm32cubeide/plugins/com.st.stm32cube.ide.mcu.externaltools.gnu-tools-for-stm32.10.3-2021.10.win32_1.0.0.202111181127/tools/bin/../lib/gcc/arm-none-eabi/10.3.1/../../../../arm-none-eabi/lib/thumb/v7e-m+fp/hard\libc_nano.a
LOAD c:/st/stm32cubeide_1.8.0/stm32cubeide/plugins/com.st.stm32cube.ide.mcu.externaltools.gnu-tools-for-stm32.10.3-2021.10.win32_1.0.0.202111181127/tools/bin/../lib/gcc/arm-none-eabi/10.3.1/../../../../arm-none-eabi/lib/thumb/v7e-m+fp/hard\libnosys.a
END GROUP
LOAD c:/st/stm32cubeide_1.8.0/stm32cubeide/plugins/com.st.stm32cube.ide.mcu.externaltools.gnu-tools-for-stm32.10.3-2021.10.win32_1.0.0.202111181127/tools/bin/../lib/gcc/arm-none-eabi/10.3.1/thumb/v7e-m+fp/hard/crtend.o
LOAD c:/st/stm32cubeide_1.8.0/stm32cubeide/plugins/com.st.stm32cube.ide.mcu.externaltools.gnu-tools-for-stm32.10.3-2021.10.win32_1.0.0.202111181127/tools/bin/../lib/gcc/arm-none-eabi/10.3.1/thumb/v7e-m+fp/hard/crtn.o
                0x0000000020018000                _estack = (ORIGIN (RAM) + LENGTH (RAM))
                0x0000000000000200                _Min_Heap_Size = 0x200
                0x0000000000000400                _Min_Stack_Size = 0x400

.isr_vector     0x0000000008000000      0x188
                0x0000000008000000                . = ALIGN (0x4)
 *(.isr_vector)
 .isr_vector    0x0000000008000000      0x188 ./Core/Startup/startup_stm32l471vgtx.o
                0x0000000008000000                g_pfnVectors
                0x0000000008000188                . = ALIGN (0x4)

.text           0x0000000008000188      0xd44
                0x0000000008000188                . = ALIGN (0x4)
 *(.text)
 .text          0x0000000008000188       0x40 c:/st/stm32cubeide_1.8.0/stm32cubeide/plugins/com.st.stm32cube.ide.mcu.externaltools.gnu-tools-for-stm32.10.3-2021.10.win32_1.0.0.202111181127/tools/bin/../lib/gcc/arm-none-eabi/10.3.1/thumb/v7e-m+fp/hard/crtbegin.o
 *(.text*)
 .text.LL_AHB2_GRP1_EnableClock
                0x00000000080001c8       0x30 ./Core/Src/gpio.o
 .text.LL_GPIO_ResetOutputPin
                0x00000000080001f8       0x1c ./Core/Src/gpio.o
 .text.MX_GPIO_Init
                0x0000000008000214       0x90 ./Core/Src/gpio.o
                0x0000000008000214                MX_GPIO_Init
 .text.__NVIC_SetPriorityGrouping
                0x00000000080002a4       0x48 ./Core/Src/main.o
 .text.__NVIC_GetPriorityGrouping
                0x00000000080002ec       0x1c ./Core/Src/main.o
 .text.__NVIC_SetPriority
                0x0000000008000308       0x54 ./Core/Src/main.o
 .text.NVIC_EncodePriority
                0x000000000800035c       0x66 ./Core/Src/main.o
 *fill*         0x00000000080003c2        0x2 
 .text.LL_RCC_HSE_Enable
                0x00000000080003c4       0x20 ./Core/Src/main.o
 .text.LL_RCC_HSE_IsReady
                0x00000000080003e4       0x28 ./Core/Src/main.o
 .text.LL_RCC_SetSysClkSource
                0x000000000800040c       0x28 ./Core/Src/main.o
 .text.LL_RCC_GetSysClkSource
                0x0000000008000434       0x1c ./Core/Src/main.o
 .text.LL_RCC_SetAHBPrescaler
                0x0000000008000450       0x28 ./Core/Src/main.o
 .text.LL_RCC_SetAPB1Prescaler
                0x0000000008000478       0x28 ./Core/Src/main.o
 .text.LL_RCC_SetAPB2Prescaler
                0x00000000080004a0       0x28 ./Core/Src/main.o
 .text.LL_RCC_PLL_Enable
                0x00000000080004c8       0x20 ./Core/Src/main.o
 .text.LL_RCC_PLL_IsReady
                0x00000000080004e8       0x28 ./Core/Src/main.o
 .text.LL_RCC_PLL_ConfigDomain_SYS
                0x0000000008000510       0x40 ./Core/Src/main.o
 .text.LL_RCC_PLL_EnableDomain_SYS
                0x0000000008000550       0x20 ./Core/Src/main.o
 .text.LL_APB1_GRP1_EnableClock
                0x0000000008000570       0x30 ./Core/Src/main.o
 .text.LL_APB2_GRP1_EnableClock
                0x00000000080005a0       0x30 ./Core/Src/main.o
 .text.LL_FLASH_SetLatency
                0x00000000080005d0       0x28 ./Core/Src/main.o
 .text.LL_FLASH_GetLatency
                0x00000000080005f8       0x1c ./Core/Src/main.o
 .text.LL_PWR_SetRegulVoltageScaling
                0x0000000008000614       0x28 ./Core/Src/main.o
 .text.LL_GPIO_SetOutputPin
                0x000000000800063c       0x1c ./Core/Src/main.o
 .text.main     0x0000000008000658       0x5c ./Core/Src/main.o
                0x0000000008000658                main
 .text.SystemClock_Config
                0x00000000080006b4       0x88 ./Core/Src/main.o
                0x00000000080006b4                SystemClock_Config
 .text.LL_AHB2_GRP1_EnableClock
                0x000000000800073c       0x30 ./Core/Src/spi.o
 .text.LL_APB2_GRP1_EnableClock
                0x000000000800076c       0x30 ./Core/Src/spi.o
 .text.LL_SPI_SetStandard
                0x000000000800079c       0x26 ./Core/Src/spi.o
 .text.LL_SPI_DisableNSSPulseMgt
                0x00000000080007c2       0x20 ./Core/Src/spi.o
 *fill*         0x00000000080007e2        0x2 
 .text.MX_SPI1_Init
                0x00000000080007e4       0xac ./Core/Src/spi.o
                0x00000000080007e4                MX_SPI1_Init
 .text.NMI_Handler
                0x0000000008000890        0x6 ./Core/Src/stm32l4xx_it.o
                0x0000000008000890                NMI_Handler
 .text.HardFault_Handler
                0x0000000008000896        0x6 ./Core/Src/stm32l4xx_it.o
                0x0000000008000896                HardFault_Handler
 .text.MemManage_Handler
                0x000000000800089c        0x6 ./Core/Src/stm32l4xx_it.o
                0x000000000800089c                MemManage_Handler
 .text.BusFault_Handler
                0x00000000080008a2        0x6 ./Core/Src/stm32l4xx_it.o
                0x00000000080008a2                BusFault_Handler
 .text.UsageFault_Handler
                0x00000000080008a8        0x6 ./Core/Src/stm32l4xx_it.o
                0x00000000080008a8                UsageFault_Handler
 .text.SVC_Handler
                0x00000000080008ae        0xe ./Core/Src/stm32l4xx_it.o
                0x00000000080008ae                SVC_Handler
 .text.DebugMon_Handler
                0x00000000080008bc        0xe ./Core/Src/stm32l4xx_it.o
                0x00000000080008bc                DebugMon_Handler
 .text.PendSV_Handler
                0x00000000080008ca        0xe ./Core/Src/stm32l4xx_it.o
                0x00000000080008ca                PendSV_Handler
 .text.SysTick_Handler
                0x00000000080008d8        0xe ./Core/Src/stm32l4xx_it.o
                0x00000000080008d8                SysTick_Handler
 *fill*         0x00000000080008e6        0x2 
 .text.SystemInit
                0x00000000080008e8       0x24 ./Core/Src/system_stm32l4xx.o
                0x00000000080008e8                SystemInit
 .text.Reset_Handler
                0x000000000800090c       0x50 ./Core/Startup/startup_stm32l471vgtx.o
                0x000000000800090c                Reset_Handler
 .text.Default_Handler
                0x000000000800095c        0x2 ./Core/Startup/startup_stm32l471vgtx.o
                0x000000000800095c                RTC_Alarm_IRQHandler
                0x000000000800095c                EXTI2_IRQHandler
                0x000000000800095c                TIM8_TRG_COM_IRQHandler
                0x000000000800095c                TIM8_CC_IRQHandler
                0x000000000800095c                TIM1_CC_IRQHandler
                0x000000000800095c                TSC_IRQHandler
                0x000000000800095c                TAMP_STAMP_IRQHandler
                0x000000000800095c                EXTI3_IRQHandler
                0x000000000800095c                LPTIM2_IRQHandler
                0x000000000800095c                DFSDM1_FLT1_IRQHandler
                0x000000000800095c                I2C3_ER_IRQHandler
                0x000000000800095c                DFSDM1_FLT2_IRQHandler
                0x000000000800095c                EXTI0_IRQHandler
                0x000000000800095c                I2C2_EV_IRQHandler
                0x000000000800095c                CAN1_RX0_IRQHandler
                0x000000000800095c                FPU_IRQHandler
                0x000000000800095c                TIM1_UP_TIM16_IRQHandler
                0x000000000800095c                ADC1_2_IRQHandler
                0x000000000800095c                SPI1_IRQHandler
                0x000000000800095c                TIM6_DAC_IRQHandler
                0x000000000800095c                TIM8_UP_IRQHandler
                0x000000000800095c                DMA2_Channel2_IRQHandler
                0x000000000800095c                DMA1_Channel4_IRQHandler
                0x000000000800095c                SAI2_IRQHandler
                0x000000000800095c                DFSDM1_FLT3_IRQHandler
                0x000000000800095c                USART3_IRQHandler
                0x000000000800095c                DMA1_Channel7_IRQHandler
                0x000000000800095c                CAN1_RX1_IRQHandler
                0x000000000800095c                UART5_IRQHandler
                0x000000000800095c                ADC3_IRQHandler
                0x000000000800095c                TIM4_IRQHandler
                0x000000000800095c                DMA2_Channel1_IRQHandler
                0x000000000800095c                QUADSPI_IRQHandler
                0x000000000800095c                I2C1_EV_IRQHandler
                0x000000000800095c                DMA1_Channel6_IRQHandler
                0x000000000800095c                UART4_IRQHandler
                0x000000000800095c                DMA2_Channel4_IRQHandler
                0x000000000800095c                TIM3_IRQHandler
                0x000000000800095c                RCC_IRQHandler
                0x000000000800095c                DMA1_Channel1_IRQHandler
                0x000000000800095c                Default_Handler
                0x000000000800095c                DMA2_Channel7_IRQHandler
                0x000000000800095c                EXTI15_10_IRQHandler
                0x000000000800095c                TIM7_IRQHandler
                0x000000000800095c                SDMMC1_IRQHandler
                0x000000000800095c                TIM5_IRQHandler
                0x000000000800095c                I2C3_EV_IRQHandler
                0x000000000800095c                EXTI9_5_IRQHandler
                0x000000000800095c                RTC_WKUP_IRQHandler
                0x000000000800095c                PVD_PVM_IRQHandler
                0x000000000800095c                SPI2_IRQHandler
                0x000000000800095c                CAN1_TX_IRQHandler
                0x000000000800095c                DMA2_Channel5_IRQHandler
                0x000000000800095c                DMA1_Channel5_IRQHandler
                0x000000000800095c                EXTI4_IRQHandler
                0x000000000800095c                RNG_IRQHandler
                0x000000000800095c                TIM1_TRG_COM_TIM17_IRQHandler
                0x000000000800095c                DMA1_Channel3_IRQHandler
                0x000000000800095c                COMP_IRQHandler
                0x000000000800095c                WWDG_IRQHandler
                0x000000000800095c                LPUART1_IRQHandler
                0x000000000800095c                DMA2_Channel6_IRQHandler
                0x000000000800095c                TIM2_IRQHandler
                0x000000000800095c                EXTI1_IRQHandler
                0x000000000800095c                USART2_IRQHandler
                0x000000000800095c                DFSDM1_FLT0_IRQHandler
                0x000000000800095c                I2C2_ER_IRQHandler
                0x000000000800095c                DMA1_Channel2_IRQHandler
                0x000000000800095c                TIM8_BRK_IRQHandler
                0x000000000800095c                CAN1_SCE_IRQHandler
                0x000000000800095c                FLASH_IRQHandler
                0x000000000800095c                USART1_IRQHandler
                0x000000000800095c                SPI3_IRQHandler
                0x000000000800095c                I2C1_ER_IRQHandler
                0x000000000800095c                FMC_IRQHandler
                0x000000000800095c                SWPMI1_IRQHandler
                0x000000000800095c                LPTIM1_IRQHandler
                0x000000000800095c                SAI1_IRQHandler
                0x000000000800095c                DMA2_Channel3_IRQHandler
                0x000000000800095c                TIM1_BRK_TIM15_IRQHandler
 .text.LL_GPIO_SetPinMode
                0x000000000800095e       0x7a ./Drivers/STM32L4xx_HAL_Driver/Src/stm32l4xx_ll_gpio.o
 .text.LL_GPIO_SetPinOutputType
                0x00000000080009d8       0x30 ./Drivers/STM32L4xx_HAL_Driver/Src/stm32l4xx_ll_gpio.o
 .text.LL_GPIO_SetPinSpeed
                0x0000000008000a08       0x7a ./Drivers/STM32L4xx_HAL_Driver/Src/stm32l4xx_ll_gpio.o
 .text.LL_GPIO_SetPinPull
                0x0000000008000a82       0x7a ./Drivers/STM32L4xx_HAL_Driver/Src/stm32l4xx_ll_gpio.o
 .text.LL_GPIO_SetAFPin_0_7
                0x0000000008000afc       0x7a ./Drivers/STM32L4xx_HAL_Driver/Src/stm32l4xx_ll_gpio.o
 .text.LL_GPIO_SetAFPin_8_15
                0x0000000008000b76       0x7e ./Drivers/STM32L4xx_HAL_Driver/Src/stm32l4xx_ll_gpio.o
 .text.LL_GPIO_Init
                0x0000000008000bf4       0xdc ./Drivers/STM32L4xx_HAL_Driver/Src/stm32l4xx_ll_gpio.o
                0x0000000008000bf4                LL_GPIO_Init
 .text.LL_SPI_IsEnabled
                0x0000000008000cd0       0x26 ./Drivers/STM32L4xx_HAL_Driver/Src/stm32l4xx_ll_spi.o
 .text.LL_SPI_SetRxFIFOThreshold
                0x0000000008000cf6       0x26 ./Drivers/STM32L4xx_HAL_Driver/Src/stm32l4xx_ll_spi.o
 .text.LL_SPI_SetCRCPolynomial
                0x0000000008000d1c       0x20 ./Drivers/STM32L4xx_HAL_Driver/Src/stm32l4xx_ll_spi.o
 .text.LL_SPI_Init
                0x0000000008000d3c       0xb0 ./Drivers/STM32L4xx_HAL_Driver/Src/stm32l4xx_ll_spi.o
                0x0000000008000d3c                LL_SPI_Init
 .text.LL_InitTick
                0x0000000008000dec       0x34 ./Drivers/STM32L4xx_HAL_Driver/Src/stm32l4xx_ll_utils.o
 .text.LL_Init1msTick
                0x0000000008000e20       0x1a ./Drivers/STM32L4xx_HAL_Driver/Src/stm32l4xx_ll_utils.o
                0x0000000008000e20                LL_Init1msTick
 *fill*         0x0000000008000e3a        0x2 
 .text.LL_SetSystemCoreClock
                0x0000000008000e3c       0x20 ./Drivers/STM32L4xx_HAL_Driver/Src/stm32l4xx_ll_utils.o
                0x0000000008000e3c                LL_SetSystemCoreClock
 .text.__libc_init_array
                0x0000000008000e5c       0x48 c:/st/stm32cubeide_1.8.0/stm32cubeide/plugins/com.st.stm32cube.ide.mcu.externaltools.gnu-tools-for-stm32.10.3-2021.10.win32_1.0.0.202111181127/tools/bin/../lib/gcc/arm-none-eabi/10.3.1/../../../../arm-none-eabi/lib/thumb/v7e-m+fp/hard\libc_nano.a(lib_a-init.o)
                0x0000000008000e5c                __libc_init_array
 .text.memset   0x0000000008000ea4       0x10 c:/st/stm32cubeide_1.8.0/stm32cubeide/plugins/com.st.stm32cube.ide.mcu.externaltools.gnu-tools-for-stm32.10.3-2021.10.win32_1.0.0.202111181127/tools/bin/../lib/gcc/arm-none-eabi/10.3.1/../../../../arm-none-eabi/lib/thumb/v7e-m+fp/hard\libc_nano.a(lib_a-memset.o)
                0x0000000008000ea4                memset
 *(.glue_7)
 .glue_7        0x0000000008000eb4        0x0 linker stubs
 *(.glue_7t)
 .glue_7t       0x0000000008000eb4        0x0 linker stubs
 *(.eh_frame)
 .eh_frame      0x0000000008000eb4        0x0 c:/st/stm32cubeide_1.8.0/stm32cubeide/plugins/com.st.stm32cube.ide.mcu.externaltools.gnu-tools-for-stm32.10.3-2021.10.win32_1.0.0.202111181127/tools/bin/../lib/gcc/arm-none-eabi/10.3.1/thumb/v7e-m+fp/hard/crtbegin.o
 *(.init)
 .init          0x0000000008000eb4        0x4 c:/st/stm32cubeide_1.8.0/stm32cubeide/plugins/com.st.stm32cube.ide.mcu.externaltools.gnu-tools-for-stm32.10.3-2021.10.win32_1.0.0.202111181127/tools/bin/../lib/gcc/arm-none-eabi/10.3.1/thumb/v7e-m+fp/hard/crti.o
                0x0000000008000eb4                _init
 .init          0x0000000008000eb8        0x8 c:/st/stm32cubeide_1.8.0/stm32cubeide/plugins/com.st.stm32cube.ide.mcu.externaltools.gnu-tools-for-stm32.10.3-2021.10.win32_1.0.0.202111181127/tools/bin/../lib/gcc/arm-none-eabi/10.3.1/thumb/v7e-m+fp/hard/crtn.o
 *(.fini)
 .fini          0x0000000008000ec0        0x4 c:/st/stm32cubeide_1.8.0/stm32cubeide/plugins/com.st.stm32cube.ide.mcu.externaltools.gnu-tools-for-stm32.10.3-2021.10.win32_1.0.0.202111181127/tools/bin/../lib/gcc/arm-none-eabi/10.3.1/thumb/v7e-m+fp/hard/crti.o
                0x0000000008000ec0                _fini
 .fini          0x0000000008000ec4        0x8 c:/st/stm32cubeide_1.8.0/stm32cubeide/plugins/com.st.stm32cube.ide.mcu.externaltools.gnu-tools-for-stm32.10.3-2021.10.win32_1.0.0.202111181127/tools/bin/../lib/gcc/arm-none-eabi/10.3.1/thumb/v7e-m+fp/hard/crtn.o
                0x0000000008000ecc                . = ALIGN (0x4)
                0x0000000008000ecc                _etext = .

.vfp11_veneer   0x0000000008000ecc        0x0
 .vfp11_veneer  0x0000000008000ecc        0x0 linker stubs

.v4_bx          0x0000000008000ecc        0x0
 .v4_bx         0x0000000008000ecc        0x0 linker stubs

.iplt           0x0000000008000ecc        0x0
 .iplt          0x0000000008000ecc        0x0 c:/st/stm32cubeide_1.8.0/stm32cubeide/plugins/com.st.stm32cube.ide.mcu.externaltools.gnu-tools-for-stm32.10.3-2021.10.win32_1.0.0.202111181127/tools/bin/../lib/gcc/arm-none-eabi/10.3.1/thumb/v7e-m+fp/hard/crtbegin.o

.rel.dyn        0x0000000008000ecc        0x0
 .rel.iplt      0x0000000008000ecc        0x0 c:/st/stm32cubeide_1.8.0/stm32cubeide/plugins/com.st.stm32cube.ide.mcu.externaltools.gnu-tools-for-stm32.10.3-2021.10.win32_1.0.0.202111181127/tools/bin/../lib/gcc/arm-none-eabi/10.3.1/thumb/v7e-m+fp/hard/crtbegin.o

.rodata         0x0000000008000ecc        0x0
                0x0000000008000ecc                . = ALIGN (0x4)
 *(.rodata)
 *(.rodata*)
                0x0000000008000ecc                . = ALIGN (0x4)

.ARM.extab      0x0000000008000ecc        0x0
                0x0000000008000ecc                . = ALIGN (0x4)
 *(.ARM.extab* .gnu.linkonce.armextab.*)
                0x0000000008000ecc                . = ALIGN (0x4)

.ARM            0x0000000008000ecc        0x0
                0x0000000008000ecc                . = ALIGN (0x4)
                0x0000000008000ecc                __exidx_start = .
 *(.ARM.exidx*)
                0x0000000008000ecc                __exidx_end = .
                0x0000000008000ecc                . = ALIGN (0x4)

.preinit_array  0x0000000008000ecc        0x0
                0x0000000008000ecc                . = ALIGN (0x4)
                0x0000000008000ecc                PROVIDE (__preinit_array_start = .)
 *(.preinit_array*)
                0x0000000008000ecc                PROVIDE (__preinit_array_end = .)
                0x0000000008000ecc                . = ALIGN (0x4)

.init_array     0x0000000008000ecc        0x4
                0x0000000008000ecc                . = ALIGN (0x4)
                0x0000000008000ecc                PROVIDE (__init_array_start = .)
 *(SORT_BY_NAME(.init_array.*))
 *(.init_array*)
 .init_array    0x0000000008000ecc        0x4 c:/st/stm32cubeide_1.8.0/stm32cubeide/plugins/com.st.stm32cube.ide.mcu.externaltools.gnu-tools-for-stm32.10.3-2021.10.win32_1.0.0.202111181127/tools/bin/../lib/gcc/arm-none-eabi/10.3.1/thumb/v7e-m+fp/hard/crtbegin.o
                0x0000000008000ed0                PROVIDE (__init_array_end = .)
                0x0000000008000ed0                . = ALIGN (0x4)

.fini_array     0x0000000008000ed0        0x4
                0x0000000008000ed0                . = ALIGN (0x4)
                [!provide]                        PROVIDE (__fini_array_start = .)
 *(SORT_BY_NAME(.fini_array.*))
 *(.fini_array*)
 .fini_array    0x0000000008000ed0        0x4 c:/st/stm32cubeide_1.8.0/stm32cubeide/plugins/com.st.stm32cube.ide.mcu.externaltools.gnu-tools-for-stm32.10.3-2021.10.win32_1.0.0.202111181127/tools/bin/../lib/gcc/arm-none-eabi/10.3.1/thumb/v7e-m+fp/hard/crtbegin.o
                [!provide]                        PROVIDE (__fini_array_end = .)
                0x0000000008000ed4                . = ALIGN (0x4)
                0x0000000008000ed4                _sidata = LOADADDR (.data)

.data           0x0000000020000000        0x4 load address 0x0000000008000ed4
                0x0000000020000000                . = ALIGN (0x4)
                0x0000000020000000                _sdata = .
 *(.data)
 *(.data*)
 .data.SystemCoreClock
                0x0000000020000000        0x4 ./Core/Src/system_stm32l4xx.o
                0x0000000020000000                SystemCoreClock
 *(.RamFunc)
 *(.RamFunc*)
                0x0000000020000004                . = ALIGN (0x4)
                0x0000000020000004                _edata = .

.igot.plt       0x0000000020000004        0x0 load address 0x0000000008000ed8
 .igot.plt      0x0000000020000004        0x0 c:/st/stm32cubeide_1.8.0/stm32cubeide/plugins/com.st.stm32cube.ide.mcu.externaltools.gnu-tools-for-stm32.10.3-2021.10.win32_1.0.0.202111181127/tools/bin/../lib/gcc/arm-none-eabi/10.3.1/thumb/v7e-m+fp/hard/crtbegin.o
                0x0000000020000004                . = ALIGN (0x4)

.bss            0x0000000020000004       0x1c load address 0x0000000008000ed8
                0x0000000020000004                _sbss = .
                0x0000000020000004                __bss_start__ = _sbss
 *(.bss)
 .bss           0x0000000020000004       0x1c c:/st/stm32cubeide_1.8.0/stm32cubeide/plugins/com.st.stm32cube.ide.mcu.externaltools.gnu-tools-for-stm32.10.3-2021.10.win32_1.0.0.202111181127/tools/bin/../lib/gcc/arm-none-eabi/10.3.1/thumb/v7e-m+fp/hard/crtbegin.o
 *(.bss*)
 *(COMMON)
                0x0000000020000020                . = ALIGN (0x4)
                0x0000000020000020                _ebss = .
                0x0000000020000020                __bss_end__ = _ebss

._user_heap_stack
                0x0000000020000020      0x600 load address 0x0000000008000ed8
                0x0000000020000020                . = ALIGN (0x8)
                [!provide]                        PROVIDE (end = .)
                0x0000000020000020                PROVIDE (_end = .)
                0x0000000020000220                . = (. + _Min_Heap_Size)
 *fill*         0x0000000020000020      0x200 
                0x0000000020000620                . = (. + _Min_Stack_Size)
 *fill*         0x0000000020000220      0x400 
                0x0000000020000620                . = ALIGN (0x8)

/DISCARD/
 libc.a(*)
 libm.a(*)
 libgcc.a(*)

.ARM.attributes
                0x0000000000000000       0x30
 *(.ARM.attributes)
 .ARM.attributes
                0x0000000000000000       0x1e c:/st/stm32cubeide_1.8.0/stm32cubeide/plugins/com.st.stm32cube.ide.mcu.externaltools.gnu-tools-for-stm32.10.3-2021.10.win32_1.0.0.202111181127/tools/bin/../lib/gcc/arm-none-eabi/10.3.1/thumb/v7e-m+fp/hard/crti.o
 .ARM.attributes
                0x000000000000001e       0x34 c:/st/stm32cubeide_1.8.0/stm32cubeide/plugins/com.st.stm32cube.ide.mcu.externaltools.gnu-tools-for-stm32.10.3-2021.10.win32_1.0.0.202111181127/tools/bin/../lib/gcc/arm-none-eabi/10.3.1/thumb/v7e-m+fp/hard/crtbegin.o
 .ARM.attributes
                0x0000000000000052       0x34 ./Core/Src/gpio.o
 .ARM.attributes
                0x0000000000000086       0x34 ./Core/Src/main.o
 .ARM.attributes
                0x00000000000000ba       0x34 ./Core/Src/spi.o
 .ARM.attributes
                0x00000000000000ee       0x34 ./Core/Src/stm32l4xx_it.o
 .ARM.attributes
                0x0000000000000122       0x34 ./Core/Src/system_stm32l4xx.o
 .ARM.attributes
                0x0000000000000156       0x21 ./Core/Startup/startup_stm32l471vgtx.o
 .ARM.attributes
                0x0000000000000177       0x34 ./Drivers/STM32L4xx_HAL_Driver/Src/stm32l4xx_ll_gpio.o
 .ARM.attributes
                0x00000000000001ab       0x34 ./Drivers/STM32L4xx_HAL_Driver/Src/stm32l4xx_ll_spi.o
 .ARM.attributes
                0x00000000000001df       0x34 ./Drivers/STM32L4xx_HAL_Driver/Src/stm32l4xx_ll_utils.o
 .ARM.attributes
                0x0000000000000213       0x34 c:/st/stm32cubeide_1.8.0/stm32cubeide/plugins/com.st.stm32cube.ide.mcu.externaltools.gnu-tools-for-stm32.10.3-2021.10.win32_1.0.0.202111181127/tools/bin/../lib/gcc/arm-none-eabi/10.3.1/../../../../arm-none-eabi/lib/thumb/v7e-m+fp/hard\libc_nano.a(lib_a-init.o)
 .ARM.attributes
                0x0000000000000247       0x34 c:/st/stm32cubeide_1.8.0/stm32cubeide/plugins/com.st.stm32cube.ide.mcu.externaltools.gnu-tools-for-stm32.10.3-2021.10.win32_1.0.0.202111181127/tools/bin/../lib/gcc/arm-none-eabi/10.3.1/../../../../arm-none-eabi/lib/thumb/v7e-m+fp/hard\libc_nano.a(lib_a-memset.o)
 .ARM.attributes
                0x000000000000027b       0x1e c:/st/stm32cubeide_1.8.0/stm32cubeide/plugins/com.st.stm32cube.ide.mcu.externaltools.gnu-tools-for-stm32.10.3-2021.10.win32_1.0.0.202111181127/tools/bin/../lib/gcc/arm-none-eabi/10.3.1/thumb/v7e-m+fp/hard/crtn.o
OUTPUT(FERSAT_PDH.elf elf32-littlearm)
LOAD linker stubs
LOAD c:/st/stm32cubeide_1.8.0/stm32cubeide/plugins/com.st.stm32cube.ide.mcu.externaltools.gnu-tools-for-stm32.10.3-2021.10.win32_1.0.0.202111181127/tools/bin/../lib/gcc/arm-none-eabi/10.3.1/../../../../arm-none-eabi/lib/thumb/v7e-m+fp/hard\libc.a
LOAD c:/st/stm32cubeide_1.8.0/stm32cubeide/plugins/com.st.stm32cube.ide.mcu.externaltools.gnu-tools-for-stm32.10.3-2021.10.win32_1.0.0.202111181127/tools/bin/../lib/gcc/arm-none-eabi/10.3.1/../../../../arm-none-eabi/lib/thumb/v7e-m+fp/hard\libm.a
LOAD c:/st/stm32cubeide_1.8.0/stm32cubeide/plugins/com.st.stm32cube.ide.mcu.externaltools.gnu-tools-for-stm32.10.3-2021.10.win32_1.0.0.202111181127/tools/bin/../lib/gcc/arm-none-eabi/10.3.1/thumb/v7e-m+fp/hard\libgcc.a

.debug_info     0x0000000000000000     0x3f24
 .debug_info    0x0000000000000000      0x508 ./Core/Src/gpio.o
 .debug_info    0x0000000000000508      0xfa9 ./Core/Src/main.o
 .debug_info    0x00000000000014b1      0x6b0 ./Core/Src/spi.o
 .debug_info    0x0000000000001b61      0x156 ./Core/Src/stm32l4xx_it.o
 .debug_info    0x0000000000001cb7      0x5bf ./Core/Src/system_stm32l4xx.o
 .debug_info    0x0000000000002276       0x22 ./Core/Startup/startup_stm32l471vgtx.o
 .debug_info    0x0000000000002298      0xa01 ./Drivers/STM32L4xx_HAL_Driver/Src/stm32l4xx_ll_gpio.o
 .debug_info    0x0000000000002c99      0x5f4 ./Drivers/STM32L4xx_HAL_Driver/Src/stm32l4xx_ll_spi.o
 .debug_info    0x000000000000328d      0xc97 ./Drivers/STM32L4xx_HAL_Driver/Src/stm32l4xx_ll_utils.o

.debug_abbrev   0x0000000000000000      0xd00
 .debug_abbrev  0x0000000000000000      0x191 ./Core/Src/gpio.o
 .debug_abbrev  0x0000000000000191      0x242 ./Core/Src/main.o
 .debug_abbrev  0x00000000000003d3      0x191 ./Core/Src/spi.o
 .debug_abbrev  0x0000000000000564       0x80 ./Core/Src/stm32l4xx_it.o
 .debug_abbrev  0x00000000000005e4      0x116 ./Core/Src/system_stm32l4xx.o
 .debug_abbrev  0x00000000000006fa       0x12 ./Core/Startup/startup_stm32l471vgtx.o
 .debug_abbrev  0x000000000000070c      0x223 ./Drivers/STM32L4xx_HAL_Driver/Src/stm32l4xx_ll_gpio.o
 .debug_abbrev  0x000000000000092f      0x17a ./Drivers/STM32L4xx_HAL_Driver/Src/stm32l4xx_ll_spi.o
 .debug_abbrev  0x0000000000000aa9      0x257 ./Drivers/STM32L4xx_HAL_Driver/Src/stm32l4xx_ll_utils.o

.debug_aranges  0x0000000000000000      0x408
 .debug_aranges
                0x0000000000000000       0x30 ./Core/Src/gpio.o
 .debug_aranges
                0x0000000000000030       0xd8 ./Core/Src/main.o
 .debug_aranges
                0x0000000000000108       0x40 ./Core/Src/spi.o
 .debug_aranges
                0x0000000000000148       0x60 ./Core/Src/stm32l4xx_it.o
 .debug_aranges
                0x00000000000001a8       0x28 ./Core/Src/system_stm32l4xx.o
 .debug_aranges
                0x00000000000001d0       0x28 ./Core/Startup/startup_stm32l471vgtx.o
 .debug_aranges
                0x00000000000001f8       0x70 ./Drivers/STM32L4xx_HAL_Driver/Src/stm32l4xx_ll_gpio.o
 .debug_aranges
                0x0000000000000268       0x68 ./Drivers/STM32L4xx_HAL_Driver/Src/stm32l4xx_ll_spi.o
 .debug_aranges
                0x00000000000002d0      0x138 ./Drivers/STM32L4xx_HAL_Driver/Src/stm32l4xx_ll_utils.o

.debug_ranges   0x0000000000000000      0x380
 .debug_ranges  0x0000000000000000       0x20 ./Core/Src/gpio.o
 .debug_ranges  0x0000000000000020       0xc8 ./Core/Src/main.o
 .debug_ranges  0x00000000000000e8       0x30 ./Core/Src/spi.o
 .debug_ranges  0x0000000000000118       0x50 ./Core/Src/stm32l4xx_it.o
 .debug_ranges  0x0000000000000168       0x18 ./Core/Src/system_stm32l4xx.o
 .debug_ranges  0x0000000000000180       0x20 ./Core/Startup/startup_stm32l471vgtx.o
 .debug_ranges  0x00000000000001a0       0x60 ./Drivers/STM32L4xx_HAL_Driver/Src/stm32l4xx_ll_gpio.o
 .debug_ranges  0x0000000000000200       0x58 ./Drivers/STM32L4xx_HAL_Driver/Src/stm32l4xx_ll_spi.o
 .debug_ranges  0x0000000000000258      0x128 ./Drivers/STM32L4xx_HAL_Driver/Src/stm32l4xx_ll_utils.o

.debug_macro    0x0000000000000000    0x1bedf
 .debug_macro   0x0000000000000000      0x150 ./Core/Src/gpio.o
 .debug_macro   0x0000000000000150      0xac6 ./Core/Src/gpio.o
 .debug_macro   0x0000000000000c16       0x2e ./Core/Src/gpio.o
 .debug_macro   0x0000000000000c44       0x28 ./Core/Src/gpio.o
 .debug_macro   0x0000000000000c6c       0x22 ./Core/Src/gpio.o
 .debug_macro   0x0000000000000c8e       0x8e ./Core/Src/gpio.o
 .debug_macro   0x0000000000000d1c       0x51 ./Core/Src/gpio.o
 .debug_macro   0x0000000000000d6d      0x103 ./Core/Src/gpio.o
 .debug_macro   0x0000000000000e70       0x6a ./Core/Src/gpio.o
 .debug_macro   0x0000000000000eda      0x1df ./Core/Src/gpio.o
 .debug_macro   0x00000000000010b9       0x1c ./Core/Src/gpio.o
 .debug_macro   0x00000000000010d5       0x22 ./Core/Src/gpio.o
 .debug_macro   0x00000000000010f7       0xfb ./Core/Src/gpio.o
 .debug_macro   0x00000000000011f2     0x1011 ./Core/Src/gpio.o
 .debug_macro   0x0000000000002203      0x11f ./Core/Src/gpio.o
 .debug_macro   0x0000000000002322    0x1773f ./Core/Src/gpio.o
 .debug_macro   0x0000000000019a61       0x6d ./Core/Src/gpio.o
 .debug_macro   0x0000000000019ace      0x6f3 ./Core/Src/gpio.o
 .debug_macro   0x000000000001a1c1      0x1b2 ./Core/Src/gpio.o
 .debug_macro   0x000000000001a373      0x2f5 ./Core/Src/gpio.o
 .debug_macro   0x000000000001a668      0x155 ./Core/Src/gpio.o
 .debug_macro   0x000000000001a7bd      0x1a6 ./Core/Src/gpio.o
 .debug_macro   0x000000000001a963       0xa7 ./Core/Src/gpio.o
 .debug_macro   0x000000000001aa0a      0x1fb ./Core/Src/gpio.o
 .debug_macro   0x000000000001ac05      0x2cb ./Core/Src/gpio.o
 .debug_macro   0x000000000001aed0      0x1d2 ./Core/Src/gpio.o
 .debug_macro   0x000000000001b0a2      0x169 ./Core/Src/gpio.o
 .debug_macro   0x000000000001b20b       0x46 ./Core/Src/gpio.o
 .debug_macro   0x000000000001b251       0x10 ./Core/Src/gpio.o
 .debug_macro   0x000000000001b261      0x158 ./Core/Src/main.o
 .debug_macro   0x000000000001b3b9       0x16 ./Core/Src/main.o
 .debug_macro   0x000000000001b3cf      0x14b ./Core/Src/spi.o
 .debug_macro   0x000000000001b51a      0x14b ./Core/Src/stm32l4xx_it.o
 .debug_macro   0x000000000001b665       0xce ./Core/Src/system_stm32l4xx.o
 .debug_macro   0x000000000001b733      0x110 ./Drivers/STM32L4xx_HAL_Driver/Src/stm32l4xx_ll_gpio.o
 .debug_macro   0x000000000001b843      0x163 ./Drivers/STM32L4xx_HAL_Driver/Src/stm32l4xx_ll_gpio.o
 .debug_macro   0x000000000001b9a6      0x12e ./Drivers/STM32L4xx_HAL_Driver/Src/stm32l4xx_ll_spi.o
 .debug_macro   0x000000000001bad4      0x1cc ./Drivers/STM32L4xx_HAL_Driver/Src/stm32l4xx_ll_spi.o
 .debug_macro   0x000000000001bca0      0x19e ./Drivers/STM32L4xx_HAL_Driver/Src/stm32l4xx_ll_utils.o
 .debug_macro   0x000000000001be3e       0xa1 ./Drivers/STM32L4xx_HAL_Driver/Src/stm32l4xx_ll_utils.o

.debug_line     0x0000000000000000     0x39e7
 .debug_line    0x0000000000000000      0x5f2 ./Core/Src/gpio.o
 .debug_line    0x00000000000005f2      0x911 ./Core/Src/main.o
 .debug_line    0x0000000000000f03      0x63c ./Core/Src/spi.o
 .debug_line    0x000000000000153f      0x64b ./Core/Src/stm32l4xx_it.o
 .debug_line    0x0000000000001b8a      0x4f9 ./Core/Src/system_stm32l4xx.o
 .debug_line    0x0000000000002083       0x88 ./Core/Startup/startup_stm32l471vgtx.o
 .debug_line    0x000000000000210b      0x7ac ./Drivers/STM32L4xx_HAL_Driver/Src/stm32l4xx_ll_gpio.o
 .debug_line    0x00000000000028b7      0x60a ./Drivers/STM32L4xx_HAL_Driver/Src/stm32l4xx_ll_spi.o
 .debug_line    0x0000000000002ec1      0xb26 ./Drivers/STM32L4xx_HAL_Driver/Src/stm32l4xx_ll_utils.o

.debug_str      0x0000000000000000    0x9ba26
 .debug_str     0x0000000000000000    0x9919d ./Core/Src/gpio.o
                                      0x99353 (size before relaxing)
 .debug_str     0x000000000009919d      0x83f ./Core/Src/main.o
                                      0x99bf8 (size before relaxing)
 .debug_str     0x00000000000999dc       0xf0 ./Core/Src/spi.o
                                      0x993af (size before relaxing)
 .debug_str     0x0000000000099acc       0xbd ./Core/Src/stm32l4xx_it.o
                                      0x99116 (size before relaxing)
 .debug_str     0x0000000000099b89       0x8e ./Core/Src/system_stm32l4xx.o
                                      0x8eb07 (size before relaxing)
 .debug_str     0x0000000000099c17       0x36 ./Core/Startup/startup_stm32l471vgtx.o
                                         0x72 (size before relaxing)
 .debug_str     0x0000000000099c4d      0x683 ./Drivers/STM32L4xx_HAL_Driver/Src/stm32l4xx_ll_gpio.o
                                      0x90470 (size before relaxing)
 .debug_str     0x000000000009a2d0      0x9a2 ./Drivers/STM32L4xx_HAL_Driver/Src/stm32l4xx_ll_spi.o
                                      0x90b38 (size before relaxing)
 .debug_str     0x000000000009ac72      0xdb4 ./Drivers/STM32L4xx_HAL_Driver/Src/stm32l4xx_ll_utils.o
                                      0x956ba (size before relaxing)

.comment        0x0000000000000000       0x50
 .comment       0x0000000000000000       0x50 ./Core/Src/gpio.o
                                         0x51 (size before relaxing)
 .comment       0x0000000000000050       0x51 ./Core/Src/main.o
 .comment       0x0000000000000050       0x51 ./Core/Src/spi.o
 .comment       0x0000000000000050       0x51 ./Core/Src/stm32l4xx_it.o
 .comment       0x0000000000000050       0x51 ./Core/Src/system_stm32l4xx.o
 .comment       0x0000000000000050       0x51 ./Drivers/STM32L4xx_HAL_Driver/Src/stm32l4xx_ll_gpio.o
 .comment       0x0000000000000050       0x51 ./Drivers/STM32L4xx_HAL_Driver/Src/stm32l4xx_ll_spi.o
 .comment       0x0000000000000050       0x51 ./Drivers/STM32L4xx_HAL_Driver/Src/stm32l4xx_ll_utils.o

.debug_frame    0x0000000000000000      0xec0
 .debug_frame   0x0000000000000000       0x84 ./Core/Src/gpio.o
 .debug_frame   0x0000000000000084      0x368 ./Core/Src/main.o
 .debug_frame   0x00000000000003ec       0xd4 ./Core/Src/spi.o
 .debug_frame   0x00000000000004c0      0x108 ./Core/Src/stm32l4xx_it.o
 .debug_frame   0x00000000000005c8       0x58 ./Core/Src/system_stm32l4xx.o
 .debug_frame   0x0000000000000620      0x1c0 ./Drivers/STM32L4xx_HAL_Driver/Src/stm32l4xx_ll_gpio.o
 .debug_frame   0x00000000000007e0      0x198 ./Drivers/STM32L4xx_HAL_Driver/Src/stm32l4xx_ll_spi.o
 .debug_frame   0x0000000000000978      0x4fc ./Drivers/STM32L4xx_HAL_Driver/Src/stm32l4xx_ll_utils.o
 .debug_frame   0x0000000000000e74       0x2c c:/st/stm32cubeide_1.8.0/stm32cubeide/plugins/com.st.stm32cube.ide.mcu.externaltools.gnu-tools-for-stm32.10.3-2021.10.win32_1.0.0.202111181127/tools/bin/../lib/gcc/arm-none-eabi/10.3.1/../../../../arm-none-eabi/lib/thumb/v7e-m+fp/hard\libc_nano.a(lib_a-init.o)
 .debug_frame   0x0000000000000ea0       0x20 c:/st/stm32cubeide_1.8.0/stm32cubeide/plugins/com.st.stm32cube.ide.mcu.externaltools.gnu-tools-for-stm32.10.3-2021.10.win32_1.0.0.202111181127/tools/bin/../lib/gcc/arm-none-eabi/10.3.1/../../../../arm-none-eabi/lib/thumb/v7e-m+fp/hard\libc_nano.a(lib_a-memset.o)
